// Jest Snapshot v1, https://goo.gl/fbAQLP

exports[`FirstApp Test should to show <FirstApp / > success 1`] = `""`;
